Exiting!!
